<!DOCTYPE HTML>
<html>
<head>
<title> - Tests</title>
</head>
<body>
<div id="content"></div>
</body>
</html>
