<!DOCTYPE HTML>
<html>
<head>
<title>PAGE 1 - Tests</title>
</head>
<body>
<div id="content">Page 1 content.</div>
</body>
</html>
